2026-09-01 19:43:07 - __main__ - INFO: 读 eye_hand_data/data20260901193246/1.jpg
2026-09-01 19:43:07 - __main__ - INFO: 读 eye_hand_data/data20260901193246/2.jpg
2026-09-01 19:43:07 - __main__ - INFO: 读 eye_hand_data/data20260901193246/3.jpg
2026-09-01 19:43:07 - __main__ - INFO: 读 eye_hand_data/data20260901193246/4.jpg
2026-09-01 19:43:07 - __main__ - INFO: 读 eye_hand_data/data20260901193246/5.jpg
2026-09-01 19:43:07 - __main__ - INFO: 读 eye_hand_data/data20260901193246/6.jpg
2026-09-01 19:43:07 - __main__ - INFO: 读 eye_hand_data/data20260901193246/7.jpg
2026-09-01 19:43:07 - __main__ - INFO: 读 eye_hand_data/data20260901193246/8.jpg
2026-09-01 19:43:07 - __main__ - INFO: 读 eye_hand_data/data20260901193246/9.jpg
2026-09-01 19:43:07 - __main__ - INFO: 读 eye_hand_data/data20260901193246/10.jpg
2026-09-01 19:43:07 - __main__ - INFO: 读 eye_hand_data/data20260901193246/11.jpg
2026-09-01 19:43:07 - __main__ - INFO: 读 eye_hand_data/data20260901193246/12.jpg
2026-09-01 19:43:07 - __main__ - INFO: 读 eye_hand_data/data20260901193246/13.jpg
2026-09-01 19:43:07 - __main__ - INFO: 读 eye_hand_data/data20260901193246/14.jpg
2026-09-01 19:43:07 - __main__ - INFO: 读 eye_hand_data/data20260901193246/15.jpg
2026-09-01 19:43:07 - __main__ - INFO: 读 eye_hand_data/data20260901193246/16.jpg
2026-09-01 19:43:07 - __main__ - INFO: 读 eye_hand_data/data20260901193246/17.jpg
2026-09-01 19:43:07 - __main__ - INFO: 旋转矩阵是:
 [[ 0.91408247 -0.37956388 -0.14277431]
 [ 0.40372017  0.88495248  0.23209725]
 [ 0.03825274 -0.2697969   0.96215714]]
2026-09-01 19:43:07 - __main__ - INFO: 平移向量是:
 [[-0.01841774]
 [-0.57582925]
 [ 0.00570517]]
2026-09-01 19:43:07 - __main__ - INFO: 四元数是：
 [-0.12939556 -0.04667139  0.20194194  0.96968965]
2026-09-01 19:48:59 - __main__ - INFO: 읽기 eye_hand_data/data20260901193246/1.jpg
2026-09-01 19:48:59 - __main__ - INFO: 읽기 eye_hand_data/data20260901193246/2.jpg
2026-09-01 19:48:59 - __main__ - INFO: 읽기 eye_hand_data/data20260901193246/3.jpg
2026-09-01 19:48:59 - __main__ - INFO: 읽기 eye_hand_data/data20260901193246/4.jpg
2026-09-01 19:48:59 - __main__ - INFO: 읽기 eye_hand_data/data20260901193246/5.jpg
2026-09-01 19:48:59 - __main__ - INFO: 읽기 eye_hand_data/data20260901193246/6.jpg
2026-09-01 19:48:59 - __main__ - INFO: 읽기 eye_hand_data/data20260901193246/7.jpg
2026-09-01 19:48:59 - __main__ - INFO: 읽기 eye_hand_data/data20260901193246/8.jpg
2026-09-01 19:48:59 - __main__ - INFO: 읽기 eye_hand_data/data20260901193246/9.jpg
2026-09-01 19:48:59 - __main__ - INFO: 읽기 eye_hand_data/data20260901193246/10.jpg
2026-09-01 19:48:59 - __main__ - INFO: 읽기 eye_hand_data/data20260901193246/11.jpg
2026-09-01 19:48:59 - __main__ - INFO: 읽기 eye_hand_data/data20260901193246/12.jpg
2026-09-01 19:48:59 - __main__ - INFO: 읽기 eye_hand_data/data20260901193246/13.jpg
2026-09-01 19:48:59 - __main__ - INFO: 읽기 eye_hand_data/data20260901193246/14.jpg
2026-09-01 19:48:59 - __main__ - INFO: 읽기 eye_hand_data/data20260901193246/15.jpg
2026-09-01 19:49:00 - __main__ - INFO: 읽기 eye_hand_data/data20260901193246/16.jpg
2026-09-01 19:49:00 - __main__ - INFO: 읽기 eye_hand_data/data20260901193246/17.jpg
2026-09-01 19:49:00 - __main__ - INFO: 회전 행렬:
 [[ 0.91408247 -0.37956388 -0.14277431]
 [ 0.40372017  0.88495248  0.23209725]
 [ 0.03825274 -0.2697969   0.96215714]]
2026-09-01 19:49:00 - __main__ - INFO: 평행 이동 벡터:
 [[-0.01841774]
 [-0.57582925]
 [ 0.00570517]]
2026-09-01 19:49:00 - __main__ - INFO: 쿼터니언(사원수):
 [-0.12939556 -0.04667139  0.20194194  0.96968965]
